{
  "filters_used": [
    {
      "path": "detect_secrets.filters.allowlist.is_line_allowlisted"
    },
    {
      "path": "detect_secrets.filters.heuristic.is_indirect_reference"
    },
    {
      "path": "detect_secrets.filters.heuristic.is_likely_id_string"
    },
    {
      "path": "detect_secrets.filters.heuristic.is_lock_file"
    },
    {
      "path": "detect_secrets.filters.heuristic.is_not_alphanumeric_string"
    },
    {
      "path": "detect_secrets.filters.heuristic.is_potential_uuid"
    },
    {
      "path": "detect_secrets.filters.heuristic.is_prefixed_with_dollar_sign"
    },
    {
      "path": "detect_secrets.filters.heuristic.is_sequential_string"
    },
    {
      "path": "detect_secrets.filters.heuristic.is_swagger_file"
    },
    {
      "path": "detect_secrets.filters.heuristic.is_templated_secret"
    }
  ],
  "plugins_used": [
    {
      "name": "ArtifactoryDetector"
    },
    {
      "name": "AWSKeyDetector"
    },
    {
      "name": "AzureStorageKeyDetector"
    },
    {
      "limit": 4.5,
      "name": "Base64HighEntropyString"
    },
    {
      "name": "BasicAuthDetector"
    },
    {
      "name": "CloudantDetector"
    },
    {
      "name": "DiscordBotTokenDetector"
    },
    {
      "name": "GitHubTokenDetector"
    },
    {
      "name": "GitLabTokenDetector"
    },
    {
      "limit": 3.0,
      "name": "HexHighEntropyString"
    },
    {
      "name": "IbmCloudIamDetector"
    },
    {
      "name": "IbmCosHmacDetector"
    },
    {
      "name": "IPPublicDetector"
    },
    {
      "name": "JwtTokenDetector"
    },
    {
      "keyword_exclude": "",
      "name": "KeywordDetector"
    },
    {
      "name": "MailchimpDetector"
    },
    {
      "name": "NpmDetector"
    },
    {
      "name": "OpenAIDetector"
    },
    {
      "name": "PrivateKeyDetector"
    },
    {
      "name": "PypiTokenDetector"
    },
    {
      "name": "SendGridDetector"
    },
    {
      "name": "SlackDetector"
    },
    {
      "name": "SoftlayerDetector"
    },
    {
      "name": "SquareOAuthDetector"
    },
    {
      "name": "StripeDetector"
    },
    {
      "name": "TelegramBotTokenDetector"
    },
    {
      "name": "TwilioKeyDetector"
    }
  ],
  "results": {
    "adforge/adforge.py": [
      {
        "hashed_secret": "b92ad4c364a929a64b4dce5e4227bf63bb36ae3a",
        "is_verified": false,
        "type": "Secret Keyword"
      },
      {
        "hashed_secret": "b96c4527f0b5f82fd6284de3cd1061a36b053c0d",
        "is_verified": false,
        "type": "Secret Keyword"
      }
    ],
    "adforge/modules/enum/gpp_password.py": [
      {
        "hashed_secret": "918fdd154b3cd24da52e78828adaf4aa819dd184",
        "is_verified": false,
        "type": "Secret Keyword"
      }
    ],
    "adforge/modules/post/secretsdump.py": [
      {
        "hashed_secret": "46fe7e03b8940c8533c1f5e8aa4b13d1c17048bc",
        "is_verified": false,
        "type": "Secret Keyword"
      },
      {
        "hashed_secret": "f39c7e1d106be184014b98d3de98c41ea3014fea",
        "is_verified": false,
        "type": "Secret Keyword"
      }
    ],
    "adforge/modules/unauth/ews_gal_enum.py": [
      {
        "hashed_secret": "b02dff0ec9d24823e77c27c281a852247896b86d",
        "is_verified": false,
        "type": "Secret Keyword"
      }
    ],
    "adforge/modules/unauth/null_session.py": [
      {
        "hashed_secret": "61a20d73d6762875af172c3bceb854e7df7571ab",
        "is_verified": false,
        "type": "Secret Keyword"
      }
    ],
    "aiforge/modules/injection/direct_inject.py": [
      {
        "hashed_secret": "85c38c5436b767157b7bf025456e10eddffb49ea",
        "is_verified": false,
        "type": "Base64 High Entropy String"
      }
    ],
    "apex-ui/src/generated/dashboard-api.ts": [
      {
        "hashed_secret": "e93c3dcdbeb547bbffb3bf8c6c0aa7141bc66ddf",
        "is_verified": false,
        "type": "Hex High Entropy String"
      }
    ],
    "cloud/cloud_api_scanner.py": [
      {
        "hashed_secret": "25910f981e85ca04baf359199dd0bd4a3ae738b6",
        "is_verified": false,
        "type": "AWS Access Key"
      }
    ],
    "cloud/serverless_inject.py": [
      {
        "hashed_secret": "25910f981e85ca04baf359199dd0bd4a3ae738b6",
        "is_verified": false,
        "type": "AWS Access Key"
      }
    ],
    "cloud/tf_state_poisoner.py": [
      {
        "hashed_secret": "25910f981e85ca04baf359199dd0bd4a3ae738b6",
        "is_verified": false,
        "type": "AWS Access Key"
      },
      {
        "hashed_secret": "72a39a22f19780735f3fd193d41fbe9b9fa08063",
        "is_verified": false,
        "type": "Secret Keyword"
      }
    ],
    "common/brain/engagement_bus.py": [
      {
        "hashed_secret": "32ca9fc1a0f5b6330e3f4c8c1bbecde9bedb9573",
        "is_verified": false,
        "type": "Secret Keyword"
      },
      {
        "hashed_secret": "aafdc23870ecbcd3d557b6423a8982134e17927e",
        "is_verified": false,
        "type": "Secret Keyword"
      }
    ],
    "common/dashboard/auth.py": [
      {
        "hashed_secret": "789cbe0407840b1c2041cb33452ff60f19bf58cc",
        "is_verified": false,
        "type": "Secret Keyword"
      },
      {
        "hashed_secret": "b57fa0798cf182195d00866158f0f022ad324741",
        "is_verified": false,
        "type": "Secret Keyword"
      }
    ],
    "common/dashboard/server.py": [
      {
        "hashed_secret": "0f674908b6342fcf2a9842d04699cb008d57d399",
        "is_verified": false,
        "type": "Secret Keyword"
      }
    ],
    "common/dashboard/state_store.py": [
      {
        "hashed_secret": "0a8e7319f26e6b34edab744487f82d7817dac8d2",
        "is_verified": false,
        "type": "Hex High Entropy String"
      },
      {
        "hashed_secret": "0a8e7319f26e6b34edab744487f82d7817dac8d2",
        "is_verified": false,
        "type": "Secret Keyword"
      }
    ],
    "common/reporting/compliance_engine.py": [
      {
        "hashed_secret": "bee0e491e06eade211eff11b3eeea270a117e311",
        "is_verified": false,
        "type": "Base64 High Entropy String"
      }
    ],
    "common/run_finalization.py": [
      {
        "hashed_secret": "3eaf776128a16424af97ef259b74522f1b9ba132",
        "is_verified": false,
        "type": "Secret Keyword"
      }
    ],
    "common/run_truth.py": [
      {
        "hashed_secret": "bee0e491e06eade211eff11b3eeea270a117e311",
        "is_verified": false,
        "type": "Base64 High Entropy String"
      }
    ],
    "common/verification_policy.py": [
      {
        "hashed_secret": "bee0e491e06eade211eff11b3eeea270a117e311",
        "is_verified": false,
        "type": "Base64 High Entropy String"
      }
    ],
    "contracts/dashboard-api.json": [
      {
        "hashed_secret": "e93c3dcdbeb547bbffb3bf8c6c0aa7141bc66ddf",
        "is_verified": false,
        "type": "Hex High Entropy String"
      }
    ],
    "forge.py": [
      {
        "hashed_secret": "5baa61e4c9b93f3f0682250b6cf8331b7ee68fd8",
        "is_verified": false,
        "type": "Secret Keyword"
      }
    ],
    "forge_c2/tasks/task_browser_creds.py": [
      {
        "hashed_secret": "aafdc23870ecbcd3d557b6423a8982134e17927e",
        "is_verified": false,
        "type": "Secret Keyword"
      }
    ],
    "forge_c2/tasks/task_clipboard.py": [
      {
        "hashed_secret": "25910f981e85ca04baf359199dd0bd4a3ae738b6",
        "is_verified": false,
        "type": "AWS Access Key"
      }
    ],
    "forge_c2/tasks/task_keylogger.py": [
      {
        "hashed_secret": "ab830e4c21aeb7552d99f43d618d936bd39477d1",
        "is_verified": false,
        "type": "Base64 High Entropy String"
      }
    ],
    "forge_c2/tasks/task_mimikatz.py": [
      {
        "hashed_secret": "958ad28b73a331d86f52c4c8fd6995852bcea197",
        "is_verified": false,
        "type": "Secret Keyword"
      },
      {
        "hashed_secret": "ab66371918f8dbefbc0313ca285f04ef22ec36bb",
        "is_verified": false,
        "type": "Secret Keyword"
      }
    ],
    "forge_payload/evasion/byovd.py": [
      {
        "hashed_secret": "2aaf202ffd918c3c0d204a75bfd53b972b2d0b75",
        "is_verified": false,
        "type": "Hex High Entropy String"
      },
      {
        "hashed_secret": "f0b0af5c6c42f9c3975cb3c3312a3efb59f1e279",
        "is_verified": false,
        "type": "Hex High Entropy String"
      }
    ],
    "leak_intel/db/leak_models.py": [
      {
        "hashed_secret": "665b1e3851eefefa3fb878654292f16597d25155",
        "is_verified": false,
        "type": "Secret Keyword"
      }
    ],
    "leak_intel/parsers/aws_key_detector.py": [
      {
        "hashed_secret": "25910f981e85ca04baf359199dd0bd4a3ae738b6",
        "is_verified": false,
        "type": "AWS Access Key"
      },
      {
        "hashed_secret": "4cd93c5da7ba8b3c49fd437dc4705762fbd1ccd1",
        "is_verified": false,
        "type": "Base64 High Entropy String"
      }
    ],
    "leak_intel/parsers/env_parser.py": [
      {
        "hashed_secret": "4cd93c5da7ba8b3c49fd437dc4705762fbd1ccd1",
        "is_verified": false,
        "type": "Base64 High Entropy String"
      },
      {
        "hashed_secret": "94461e137fdb16ebf324bb9d71b0898789c31541",
        "is_verified": false,
        "type": "Secret Keyword"
      },
      {
        "hashed_secret": "e92bdf6dd3f38aec70900c8cc01f1ef88f1dde17",
        "is_verified": false,
        "type": "Secret Keyword"
      }
    ],
    "leak_intel/parsers/jwt_detector.py": [
      {
        "hashed_secret": "c381e5e226df232bc544686c6a241be07c55aefd",
        "is_verified": false,
        "type": "JSON Web Token"
      },
      {
        "hashed_secret": "d6b66ddd9ea7dbe760114bfe9a97352a5e139134",
        "is_verified": false,
        "type": "JSON Web Token"
      }
    ],
    "netforge/core/cred_engine.py": [
      {
        "hashed_secret": "076d3e6c4b9f654b5b220b9045b7458ab6b4cbc6",
        "is_verified": false,
        "type": "Secret Keyword"
      },
      {
        "hashed_secret": "435b41068e8665513a20070c033b08b9c66e4332",
        "is_verified": false,
        "type": "Secret Keyword"
      },
      {
        "hashed_secret": "8be52126a6fde450a7162a3651d589bb51e9579d",
        "is_verified": false,
        "type": "Secret Keyword"
      },
      {
        "hashed_secret": "9c936da9a2f407421fcbc14b6d46ffbb89538124",
        "is_verified": false,
        "type": "Secret Keyword"
      },
      {
        "hashed_secret": "b70a83e4134dd697a94e9e0ce5150b79ec60b99e",
        "is_verified": false,
        "type": "Secret Keyword"
      },
      {
        "hashed_secret": "e5e9fa1ba31ecd1ae84f75caaa474f3a663f05f4",
        "is_verified": false,
        "type": "Secret Keyword"
      },
      {
        "hashed_secret": "f0578f1e7174b1a41c4ea8c6e17f7a8a3b88c92a",
        "is_verified": false,
        "type": "Secret Keyword"
      },
      {
        "hashed_secret": "f2b14f68eb995facb3a1c35287b778d5bd785511",
        "is_verified": false,
        "type": "Secret Keyword"
      }
    ],
    "netforge/data/checks/cloud/cloud_checks.yaml": [
      {
        "hashed_secret": "ab74c19e8febcefac21cd405723beef1f424d4da",
        "is_verified": false,
        "type": "Secret Keyword"
      }
    ],
    "netforge/modules/bruteforce/password_quality.py": [
      {
        "hashed_secret": "486f3aaad902a7c31fe5452ed386dc5f94bb01a9",
        "is_verified": false,
        "type": "Secret Keyword"
      },
      {
        "hashed_secret": "55e3828611d85291ff851b15f94c7d41d8667b42",
        "is_verified": false,
        "type": "Secret Keyword"
      }
    ],
    "netforge/modules/credentialed/linux_sudo_audit.py": [
      {
        "hashed_secret": "2817fb6bd740f15a3adb122390affe0de7e18cb6",
        "is_verified": false,
        "type": "Secret Keyword"
      }
    ],
    "netforge/modules/post_exploit/lateral_smb.py": [
      {
        "hashed_secret": "ad6a3a37668b7e9ce2e7e3530295cbc11516c71e",
        "is_verified": false,
        "type": "Hex High Entropy String"
      },
      {
        "hashed_secret": "88daefba2be7389bb13311a9c05827965ae87230",
        "is_verified": false,
        "type": "Secret Keyword"
      }
    ],
    "netforge/modules/post_exploit/loot_parse.py": [
      {
        "hashed_secret": "25910f981e85ca04baf359199dd0bd4a3ae738b6",
        "is_verified": false,
        "type": "AWS Access Key"
      },
      {
        "hashed_secret": "0a8e7319f26e6b34edab744487f82d7817dac8d2",
        "is_verified": false,
        "type": "Hex High Entropy String"
      },
      {
        "hashed_secret": "6746a0ad61a17e09512bdb7c36e733d14d6c6813",
        "is_verified": false,
        "type": "Hex High Entropy String"
      },
      {
        "hashed_secret": "95d48052e55fd819280be0b523a1c5d1257a2428",
        "is_verified": false,
        "type": "Hex High Entropy String"
      },
      {
        "hashed_secret": "1348b145fa1a555461c1b790a2f66614781091e9",
        "is_verified": false,
        "type": "Private Key"
      },
      {
        "hashed_secret": "27c6929aef41ae2bcadac15ca6abcaff72cda9cd",
        "is_verified": false,
        "type": "Private Key"
      },
      {
        "hashed_secret": "be4fc4886bd949b369d5e092eb87494f12e57e5b",
        "is_verified": false,
        "type": "Private Key"
      },
      {
        "hashed_secret": "daefe0b4345a654580dcad25c7c11ff4c944a8c0",
        "is_verified": false,
        "type": "Private Key"
      },
      {
        "hashed_secret": "f0778f3e140a61d5bbbed5430773e52af2f5fba4",
        "is_verified": false,
        "type": "Private Key"
      }
    ],
    "netforge/modules/post_exploit/mimikatz_exec.py": [
      {
        "hashed_secret": "6746a0ad61a17e09512bdb7c36e733d14d6c6813",
        "is_verified": false,
        "type": "Hex High Entropy String"
      },
      {
        "hashed_secret": "958ad28b73a331d86f52c4c8fd6995852bcea197",
        "is_verified": false,
        "type": "Secret Keyword"
      },
      {
        "hashed_secret": "f1df71a9d60cd46a2e09691e504c4e09a4da9a7a",
        "is_verified": false,
        "type": "Secret Keyword"
      }
    ],
    "netforge/modules/post_exploit/ntds_dump.py": [
      {
        "hashed_secret": "95d48052e55fd819280be0b523a1c5d1257a2428",
        "is_verified": false,
        "type": "Hex High Entropy String"
      }
    ],
    "netforge/modules/post_exploit/persist_registry.py": [
      {
        "hashed_secret": "28a6e5e1bdc9b42ff6282c89cc2ff1cd2b6cf459",
        "is_verified": false,
        "type": "Base64 High Entropy String"
      },
      {
        "hashed_secret": "67b5d7039cd091b788b4ee1b4bc7770934e58f3f",
        "is_verified": false,
        "type": "Base64 High Entropy String"
      },
      {
        "hashed_secret": "8eae3f85b9e4d2a4339745ae8d21457c60fae725",
        "is_verified": false,
        "type": "Base64 High Entropy String"
      },
      {
        "hashed_secret": "98b2c4c0a1cb916fe246e05c7856cfe2996be653",
        "is_verified": false,
        "type": "Base64 High Entropy String"
      },
      {
        "hashed_secret": "a39c5e734269809d2b7e2a1e34ab1188daf6ed6b",
        "is_verified": false,
        "type": "Base64 High Entropy String"
      }
    ],
    "netforge/modules/post_exploit/sam_dump.py": [
      {
        "hashed_secret": "95d48052e55fd819280be0b523a1c5d1257a2428",
        "is_verified": false,
        "type": "Hex High Entropy String"
      }
    ],
    "netforge/modules/services/ssh_audit.py": [
      {
        "hashed_secret": "486f3aaad902a7c31fe5452ed386dc5f94bb01a9",
        "is_verified": false,
        "type": "Secret Keyword"
      },
      {
        "hashed_secret": "55e3828611d85291ff851b15f94c7d41d8667b42",
        "is_verified": false,
        "type": "Secret Keyword"
      }
    ],
    "pyproject.toml": [
      {
        "hashed_secret": "ada6aa808baad7b6841331322907dba3454054f4",
        "is_verified": false,
        "type": "Hex High Entropy String"
      }
    ],
    "scripts/verify_ci_fail_closed.py": [
      {
        "hashed_secret": "025abf7c047845768634805037845ece4fe854ff",
        "is_verified": false,
        "type": "Hex High Entropy String"
      },
      {
        "hashed_secret": "049e9683a2489c698c8150e7a38b54caa95e9c9d",
        "is_verified": false,
        "type": "Hex High Entropy String"
      },
      {
        "hashed_secret": "0a2040bb7660150b5b31a7f4fa91a3cc8155ce20",
        "is_verified": false,
        "type": "Hex High Entropy String"
      },
      {
        "hashed_secret": "21994dab2351af38be03f1ac169c34581bd6e095",
        "is_verified": false,
        "type": "Hex High Entropy String"
      },
      {
        "hashed_secret": "2f5e91dd160751a036c24707659c1bc87f1dbd2c",
        "is_verified": false,
        "type": "Hex High Entropy String"
      },
      {
        "hashed_secret": "324cfb6b52ceadec25fc365635e6b0c9f0057e49",
        "is_verified": false,
        "type": "Hex High Entropy String"
      },
      {
        "hashed_secret": "3a80377f3ca933cdc1c6be8222fc78772b71be45",
        "is_verified": false,
        "type": "Hex High Entropy String"
      },
      {
        "hashed_secret": "4a10101a162bb96267cae7924b087cd597733751",
        "is_verified": false,
        "type": "Hex High Entropy String"
      },
      {
        "hashed_secret": "4e94a4aa53ecdc8f77ec57e27d7d47e39441aa4b",
        "is_verified": false,
        "type": "Hex High Entropy String"
      },
      {
        "hashed_secret": "55ecd6290b02c500a79a45de55482bbcf6c51f3c",
        "is_verified": false,
        "type": "Hex High Entropy String"
      },
      {
        "hashed_secret": "5a558e23e6e6fc250f43257efb17159c43760854",
        "is_verified": false,
        "type": "Hex High Entropy String"
      },
      {
        "hashed_secret": "662f7766eec6cdf9f02785a120d4b5cc57ecf0bd",
        "is_verified": false,
        "type": "Hex High Entropy String"
      },
      {
        "hashed_secret": "6d0bccb3283a3ff718be228f59bdb71539d96690",
        "is_verified": false,
        "type": "Hex High Entropy String"
      },
      {
        "hashed_secret": "7b7f4ac3cce34c6b95216ff9da5c7871f7200ff7",
        "is_verified": false,
        "type": "Hex High Entropy String"
      },
      {
        "hashed_secret": "810691275b99722d0c81bc77e07ed9f6e654a852",
        "is_verified": false,
        "type": "Hex High Entropy String"
      },
      {
        "hashed_secret": "822f4eae1096492ba127e5f3f09d059f79549f68",
        "is_verified": false,
        "type": "Hex High Entropy String"
      },
      {
        "hashed_secret": "8259bfad201a993401276fbde95d5365e65987b9",
        "is_verified": false,
        "type": "Hex High Entropy String"
      },
      {
        "hashed_secret": "88379101f87b81fcbbe55a6912d5e13e115e1d95",
        "is_verified": false,
        "type": "Hex High Entropy String"
      },
      {
        "hashed_secret": "9093384854f62d08bb287e7392326302f404f093",
        "is_verified": false,
        "type": "Hex High Entropy String"
      },
      {
        "hashed_secret": "b60443b991a55ff5a3536db63ce2fb21b428a13e",
        "is_verified": false,
        "type": "Hex High Entropy String"
      },
      {
        "hashed_secret": "da64ebeaafac80e1b678cce51945dfc86fa1e326",
        "is_verified": false,
        "type": "Hex High Entropy String"
      },
      {
        "hashed_secret": "e2289d9749222a9c42724e0ff341e483349c827a",
        "is_verified": false,
        "type": "Hex High Entropy String"
      },
      {
        "hashed_secret": "e4d2fe922175719d4e4543ecb73cbaa14254f5ad",
        "is_verified": false,
        "type": "Hex High Entropy String"
      },
      {
        "hashed_secret": "ea03d3b11e81324479a098432adc8853a7410939",
        "is_verified": false,
        "type": "Hex High Entropy String"
      },
      {
        "hashed_secret": "ebfe19e88638ac3200b162c24c6792219bb9fa59",
        "is_verified": false,
        "type": "Hex High Entropy String"
      },
      {
        "hashed_secret": "f5da6f62b82fbe04dc024138ac9a1f2973dbc6fb",
        "is_verified": false,
        "type": "Hex High Entropy String"
      }
    ],
    "scripts/verify_supply_chain.py": [
      {
        "hashed_secret": "42c9caab98a340d842fbfbdec2b9c8e24041f939",
        "is_verified": false,
        "type": "Hex High Entropy String"
      }
    ],
    "tests/test_action_authorization.py": [
      {
        "hashed_secret": "25910f981e85ca04baf359199dd0bd4a3ae738b6",
        "is_verified": false,
        "type": "AWS Access Key"
      },
      {
        "hashed_secret": "1348b145fa1a555461c1b790a2f66614781091e9",
        "is_verified": false,
        "type": "Private Key"
      },
      {
        "hashed_secret": "d2e2d283c75b660b1f7b8a2bc5d87fb8550fb860",
        "is_verified": false,
        "type": "Secret Keyword"
      }
    ],
    "tests/test_agent_control_plane.py": [
      {
        "hashed_secret": "335975fd87d05995afc752a09ebfa37a6e0e8f11",
        "is_verified": false,
        "type": "Secret Keyword"
      },
      {
        "hashed_secret": "76272dc4faf660733711f58c736830d27159fb55",
        "is_verified": false,
        "type": "Secret Keyword"
      }
    ],
    "tests/test_agent_result_integrity.py": [
      {
        "hashed_secret": "1f4bb9c8ee6718ccf6c78b48cbd2411dc91107fe",
        "is_verified": false,
        "type": "Secret Keyword"
      },
      {
        "hashed_secret": "6a10d494582a454722b3689593eedc3eebeed1f1",
        "is_verified": false,
        "type": "Secret Keyword"
      }
    ],
    "tests/test_approved_egress_routing.py": [
      {
        "hashed_secret": "2f307610aa4be524b38f15095252674925456c53",
        "is_verified": false,
        "type": "Basic Auth Credentials"
      },
      {
        "hashed_secret": "20916a04bbc85021690d3ca14fb17f4bcb8fe7d5",
        "is_verified": false,
        "type": "Secret Keyword"
      },
      {
        "hashed_secret": "40deff60694c8ec740d1082c494b30ab164a2971",
        "is_verified": false,
        "type": "Secret Keyword"
      },
      {
        "hashed_secret": "48d5518dd6c3e10c5e3a2a1a89e4075fdf66ff1d",
        "is_verified": false,
        "type": "Secret Keyword"
      },
      {
        "hashed_secret": "62098c2854599601f3f2d44a380dbf3d0617cea3",
        "is_verified": false,
        "type": "Secret Keyword"
      },
      {
        "hashed_secret": "a09391c29ed6a37bc1db042d88938b949601bc6f",
        "is_verified": false,
        "type": "Secret Keyword"
      },
      {
        "hashed_secret": "b3013a95b661d2050dbf229be75bd51ef77b2f8c",
        "is_verified": false,
        "type": "Secret Keyword"
      }
    ],
    "tests/test_canonical_contracts.py": [
      {
        "hashed_secret": "72a2397c11aa9a035e5a72dcd9b8a0dfeef11dc4",
        "is_verified": false,
        "type": "Secret Keyword"
      }
    ],
    "tests/test_cloud_container.py": [
      {
        "hashed_secret": "1d5bc0e7232d07b336f4d35db4c0200142962f4a",
        "is_verified": false,
        "type": "AWS Access Key"
      },
      {
        "hashed_secret": "25910f981e85ca04baf359199dd0bd4a3ae738b6",
        "is_verified": false,
        "type": "AWS Access Key"
      },
      {
        "hashed_secret": "d0357f8efbdbb1c48b0c1c45781858168ef51aca",
        "is_verified": false,
        "type": "Base64 High Entropy String"
      },
      {
        "hashed_secret": "e175c6f5f2a92e8623bd9a4820edb4e8c1b0fd10",
        "is_verified": false,
        "type": "GitHub Token"
      },
      {
        "hashed_secret": "279ffb34237de8c7860414ae52ef22b7cd8d3ade",
        "is_verified": false,
        "type": "Secret Keyword"
      }
    ],
    "tests/test_core.py": [
      {
        "hashed_secret": "eeb5fd0eb34976686acdab9304b3d271f28727d1",
        "is_verified": false,
        "type": "Hex High Entropy String"
      }
    ],
    "tests/test_credential_boundaries.py": [
      {
        "hashed_secret": "b1775a785f09a6ebaf2dc33d6eaeb98974d9cdb8",
        "is_verified": false,
        "type": "Hex High Entropy String"
      },
      {
        "hashed_secret": "106a14e241b989493677df517c4ebcf61041ac38",
        "is_verified": false,
        "type": "Secret Keyword"
      },
      {
        "hashed_secret": "34ded21ed1d85c01fd85e032df628fbafb8a185a",
        "is_verified": false,
        "type": "Secret Keyword"
      },
      {
        "hashed_secret": "40deff60694c8ec740d1082c494b30ab164a2971",
        "is_verified": false,
        "type": "Secret Keyword"
      },
      {
        "hashed_secret": "4569f24878b7d5eeb893d3e8e5c39658d43bac61",
        "is_verified": false,
        "type": "Secret Keyword"
      },
      {
        "hashed_secret": "d0a9f86bbf61fb4a128d463d5860b151d436b384",
        "is_verified": false,
        "type": "Secret Keyword"
      },
      {
        "hashed_secret": "d547869dadefe31be8ab79d5691d04b7a7fbc083",
        "is_verified": false,
        "type": "Secret Keyword"
      },
      {
        "hashed_secret": "e19d58740b39a3282baa2ccccd7829e53aa141db",
        "is_verified": false,
        "type": "Secret Keyword"
      },
      {
        "hashed_secret": "f451786bb5297282fd90399dd92caee65881bc41",
        "is_verified": false,
        "type": "Secret Keyword"
      }
    ],
    "tests/test_credential_security.py": [
      {
        "hashed_secret": "76137000845883019c697a75e7c92a5b74c66ad2",
        "is_verified": false,
        "type": "Hex High Entropy String"
      },
      {
        "hashed_secret": "12201fe5e202883bd45fc97e87366ea05183e0e4",
        "is_verified": false,
        "type": "Secret Keyword"
      },
      {
        "hashed_secret": "223730d9a3bd57c9982f856b096a69cdad214363",
        "is_verified": false,
        "type": "Secret Keyword"
      },
      {
        "hashed_secret": "2b8d7f8030b56ab6245f365bc3d6345706de2713",
        "is_verified": false,
        "type": "Secret Keyword"
      },
      {
        "hashed_secret": "4b5b94e90922d35915ea4619096568fd15cb0120",
        "is_verified": false,
        "type": "Secret Keyword"
      },
      {
        "hashed_secret": "4dd684800a2bdcf92180980c332e65135ee6ba6f",
        "is_verified": false,
        "type": "Secret Keyword"
      },
      {
        "hashed_secret": "7d5a06eaa5e7d4f4cb0f156d930c4f1bc095022c",
        "is_verified": false,
        "type": "Secret Keyword"
      },
      {
        "hashed_secret": "8244e71dce5edc250ba19ebf8ecd67e9ccbdf24c",
        "is_verified": false,
        "type": "Secret Keyword"
      }
    ],
    "tests/test_dashboard_artifact_boundaries.py": [
      {
        "hashed_secret": "1348b145fa1a555461c1b790a2f66614781091e9",
        "is_verified": false,
        "type": "Private Key"
      },
      {
        "hashed_secret": "148f74240f9e9c43862a1ed4415104611f5802d7",
        "is_verified": false,
        "type": "Secret Keyword"
      },
      {
        "hashed_secret": "ad133edf1bb0f60971b7e21cfcd59ef02de90f8c",
        "is_verified": false,
        "type": "Secret Keyword"
      }
    ],
    "tests/test_dashboard_event_integrity.py": [
      {
        "hashed_secret": "51cff3c1f0bc59f6187e7040cc12a4e9b1eca7aa",
        "is_verified": false,
        "type": "Secret Keyword"
      },
      {
        "hashed_secret": "f9310f785a11255f0975f3ac9e5cfee3070810ee",
        "is_verified": false,
        "type": "Secret Keyword"
      }
    ],
    "tests/test_dashboard_hardening.py": [
      {
        "hashed_secret": "25910f981e85ca04baf359199dd0bd4a3ae738b6",
        "is_verified": false,
        "type": "AWS Access Key"
      },
      {
        "hashed_secret": "832f37e512c6ff377423a54c9ed17765e0d63b4e",
        "is_verified": false,
        "type": "Basic Auth Credentials"
      },
      {
        "hashed_secret": "1348b145fa1a555461c1b790a2f66614781091e9",
        "is_verified": false,
        "type": "Private Key"
      },
      {
        "hashed_secret": "0fb937c13f19176589e55768d10b1c4e84b3c658",
        "is_verified": false,
        "type": "Secret Keyword"
      },
      {
        "hashed_secret": "164a07d53bd14e25ef11f5c244172e0efc3119b1",
        "is_verified": false,
        "type": "Secret Keyword"
      },
      {
        "hashed_secret": "5c186eb43d5333734d330a926b10a4025876904d",
        "is_verified": false,
        "type": "Secret Keyword"
      },
      {
        "hashed_secret": "6858a36c80924bddc9f73ee119afdb01101b22ae",
        "is_verified": false,
        "type": "Secret Keyword"
      },
      {
        "hashed_secret": "8516ed1cce52034a302fe251ff6405101d501ad2",
        "is_verified": false,
        "type": "Secret Keyword"
      },
      {
        "hashed_secret": "e7a23d2dfcff5eea7aba05338c61603622024371",
        "is_verified": false,
        "type": "Secret Keyword"
      }
    ],
    "tests/test_engine_launch_boundaries.py": [
      {
        "hashed_secret": "533059e4d066e8a4e4426fa3be60c1a54a7f8999",
        "is_verified": false,
        "type": "Secret Keyword"
      },
      {
        "hashed_secret": "82386f41cb3baf0ee0553285679f3d0b74d41e56",
        "is_verified": false,
        "type": "Secret Keyword"
      },
      {
        "hashed_secret": "8fabd600ab228e5f1fa250018de228664af2971c",
        "is_verified": false,
        "type": "Secret Keyword"
      },
      {
        "hashed_secret": "c807f306e08eaad2be74ba18da883885748dcd27",
        "is_verified": false,
        "type": "Secret Keyword"
      }
    ],
    "tests/test_forge_agent_tls.py": [
      {
        "hashed_secret": "69a451e2c42c4c87dc59ae97b80c6881d0b26f07",
        "is_verified": false,
        "type": "Basic Auth Credentials"
      },
      {
        "hashed_secret": "406ee7e37ffedaf0f2bdd7c65c71c71cfffe4917",
        "is_verified": false,
        "type": "Secret Keyword"
      }
    ],
    "tests/test_forge_cli.py": [
      {
        "hashed_secret": "18e98f790752d61b4acd599c5d083aeecf89ecb3",
        "is_verified": false,
        "type": "Secret Keyword"
      },
      {
        "hashed_secret": "6ca565fb6eee89caa66aa871a75554e36b09e6b7",
        "is_verified": false,
        "type": "Secret Keyword"
      },
      {
        "hashed_secret": "7733c37bd06d03a6158e1b66f100d89045d7d65a",
        "is_verified": false,
        "type": "Secret Keyword"
      },
      {
        "hashed_secret": "8e87414573163476414d2a2e86319a9902a1a4fe",
        "is_verified": false,
        "type": "Secret Keyword"
      },
      {
        "hashed_secret": "93e5922f72e3bc9b8c8727dfc786b305caf5bb2a",
        "is_verified": false,
        "type": "Secret Keyword"
      },
      {
        "hashed_secret": "b619efae0fef445f66adfef21f73165fe15a3d5d",
        "is_verified": false,
        "type": "Secret Keyword"
      }
    ],
    "tests/test_leak_intel.py": [
      {
        "hashed_secret": "25910f981e85ca04baf359199dd0bd4a3ae738b6",
        "is_verified": false,
        "type": "AWS Access Key"
      },
      {
        "hashed_secret": "abac545fc3bf803134bc8f78fb6160a5c6a87b26",
        "is_verified": false,
        "type": "AWS Access Key"
      },
      {
        "hashed_secret": "eaf2bdc8ac949d90b2401ce23eeb1ba262721e85",
        "is_verified": false,
        "type": "AWS Access Key"
      },
      {
        "hashed_secret": "d70eab08607a4d05faa2d0d6647206599e9abc65",
        "is_verified": false,
        "type": "Base64 High Entropy String"
      },
      {
        "hashed_secret": "dc6d089209346b811ec94731c6986f1cdf53ae00",
        "is_verified": false,
        "type": "Base64 High Entropy String"
      },
      {
        "hashed_secret": "33f9cd0ab3da54380b95265809a186c267c65926",
        "is_verified": false,
        "type": "Basic Auth Credentials"
      },
      {
        "hashed_secret": "d6b66ddd9ea7dbe760114bfe9a97352a5e139134",
        "is_verified": false,
        "type": "JSON Web Token"
      },
      {
        "hashed_secret": "05fe6a70b561d8c18395b4b74d795afaa8b400dd",
        "is_verified": false,
        "type": "Secret Keyword"
      },
      {
        "hashed_secret": "15e13fab4182d50a6494e46717b1b2094a6fd933",
        "is_verified": false,
        "type": "Secret Keyword"
      },
      {
        "hashed_secret": "20201a3acd3a523347caf08a74aab426ba79a222",
        "is_verified": false,
        "type": "Secret Keyword"
      },
      {
        "hashed_secret": "32367a300fd44cf68e1bbb0abd96c4aa0cec9671",
        "is_verified": false,
        "type": "Secret Keyword"
      },
      {
        "hashed_secret": "73a73a8fd7ee5dae3554ae950cb63ea6ccebeef9",
        "is_verified": false,
        "type": "Secret Keyword"
      },
      {
        "hashed_secret": "7d32ffdfea11c8b5f10f70276085ad7a05e95b08",
        "is_verified": false,
        "type": "Secret Keyword"
      },
      {
        "hashed_secret": "9d26f4cb4a8ad2fa172efaaf65c62efdb2be30b8",
        "is_verified": false,
        "type": "Secret Keyword"
      },
      {
        "hashed_secret": "a75b40f82b9b04303cfd0ea552dbbd2ac183c524",
        "is_verified": false,
        "type": "Secret Keyword"
      },
      {
        "hashed_secret": "d70eab08607a4d05faa2d0d6647206599e9abc65",
        "is_verified": false,
        "type": "Secret Keyword"
      },
      {
        "hashed_secret": "d740f6dfc3c9b0f85950152f9c05461e7057e53f",
        "is_verified": false,
        "type": "Secret Keyword"
      },
      {
        "hashed_secret": "e19ac1ccb3137ac4ab00a8fe7b73ee95f1891fe8",
        "is_verified": false,
        "type": "Secret Keyword"
      },
      {
        "hashed_secret": "e37891cbcd4a5f68fc8f3d9fa7fe1da44bbe50ae",
        "is_verified": false,
        "type": "Secret Keyword"
      },
      {
        "hashed_secret": "eaf2bdc8ac949d90b2401ce23eeb1ba262721e85",
        "is_verified": false,
        "type": "Secret Keyword"
      },
      {
        "hashed_secret": "f3c2339fc7cc8f97e0e76a08a2d9f165bf7afc65",
        "is_verified": false,
        "type": "Secret Keyword"
      },
      {
        "hashed_secret": "fa43f872ab08750c3ee04bde25cf2c3c69bba58b",
        "is_verified": false,
        "type": "Secret Keyword"
      }
    ],
    "tests/test_outbound_policy.py": [
      {
        "hashed_secret": "5baa61e4c9b93f3f0682250b6cf8331b7ee68fd8",
        "is_verified": false,
        "type": "Basic Auth Credentials"
      },
      {
        "hashed_secret": "033b7b1c1bc382c50dc87677914e149cc94b9e26",
        "is_verified": false,
        "type": "Secret Keyword"
      }
    ],
    "tests/test_real_retest.py": [
      {
        "hashed_secret": "5baa61e4c9b93f3f0682250b6cf8331b7ee68fd8",
        "is_verified": false,
        "type": "Basic Auth Credentials"
      },
      {
        "hashed_secret": "273ff7d376bf76c6f0e876723af0f6989f66ac8d",
        "is_verified": false,
        "type": "Secret Keyword"
      },
      {
        "hashed_secret": "58ef9143d4af022734d4d0dfd8058271e3fe6773",
        "is_verified": false,
        "type": "Secret Keyword"
      }
    ],
    "tests/test_reference_vertical_slice.py": [
      {
        "hashed_secret": "1a2126d3c3109ca6b5d200b73204eb2c644170de",
        "is_verified": false,
        "type": "Hex High Entropy String"
      }
    ],
    "tests/test_scan_jobs_db.py": [
      {
        "hashed_secret": "39578bce8a6e9fcee5484c910dd4be5839ffb83f",
        "is_verified": false,
        "type": "Basic Auth Credentials"
      },
      {
        "hashed_secret": "80b03f649c5ea17e1e7db3751ed5bf6e00e36d3d",
        "is_verified": false,
        "type": "Basic Auth Credentials"
      },
      {
        "hashed_secret": "0664da878e6cae99f0da6fef70f565e4f51d4cd5",
        "is_verified": false,
        "type": "Secret Keyword"
      },
      {
        "hashed_secret": "8b69f253224b1b330c2f65923933025a19af5cdb",
        "is_verified": false,
        "type": "Secret Keyword"
      },
      {
        "hashed_secret": "d06249238c98c6cdea1ca62470fa97251eb8d452",
        "is_verified": false,
        "type": "Secret Keyword"
      },
      {
        "hashed_secret": "fda70f34f1f164cf92f6a20c703234c95109dbd1",
        "is_verified": false,
        "type": "Secret Keyword"
      }
    ],
    "tests/test_scanbuilder_module_mapping.py": [
      {
        "hashed_secret": "2d755c82927f6d4f8e296f738e992b9e706f740c",
        "is_verified": false,
        "type": "Secret Keyword"
      }
    ],
    "tests/test_schema_migrations.py": [
      {
        "hashed_secret": "a609aa356e22a3ca651bb7dc4e10183556aa5c2f",
        "is_verified": false,
        "type": "Secret Keyword"
      }
    ],
    "tests/test_scope_authorization.py": [
      {
        "hashed_secret": "5baa61e4c9b93f3f0682250b6cf8331b7ee68fd8",
        "is_verified": false,
        "type": "Basic Auth Credentials"
      },
      {
        "hashed_secret": "13ba3505b6c0609b4f9a744f1b3047d0c7a1f4f9",
        "is_verified": false,
        "type": "Secret Keyword"
      },
      {
        "hashed_secret": "ff0766d1dd9ce9aa154c69624c29743c3925597a",
        "is_verified": false,
        "type": "Secret Keyword"
      }
    ],
    "tests/test_secret_redaction.py": [
      {
        "hashed_secret": "2e17098a4fb95015cbfbb283fc53521fdae195db",
        "is_verified": false,
        "type": "Base64 High Entropy String"
      },
      {
        "hashed_secret": "f9567f069729a7882e59da44ef5e9d905fd5ad81",
        "is_verified": false,
        "type": "Base64 High Entropy String"
      },
      {
        "hashed_secret": "745d0b2380e21353d526db47a87158f2065563ee",
        "is_verified": false,
        "type": "Basic Auth Credentials"
      },
      {
        "hashed_secret": "e175c6f5f2a92e8623bd9a4820edb4e8c1b0fd10",
        "is_verified": false,
        "type": "GitHub Token"
      },
      {
        "hashed_secret": "76137000845883019c697a75e7c92a5b74c66ad2",
        "is_verified": false,
        "type": "Hex High Entropy String"
      },
      {
        "hashed_secret": "1348b145fa1a555461c1b790a2f66614781091e9",
        "is_verified": false,
        "type": "Private Key"
      },
      {
        "hashed_secret": "309a9a097e0f78d095e66e3f9381c895680d09f3",
        "is_verified": false,
        "type": "Secret Keyword"
      },
      {
        "hashed_secret": "5be306c1e0a3f8c4d7da10b4a4fc5f51d69804f0",
        "is_verified": false,
        "type": "Secret Keyword"
      },
      {
        "hashed_secret": "6a7cd4b4b73c2271804195f507a6d9f0814e4846",
        "is_verified": false,
        "type": "Secret Keyword"
      },
      {
        "hashed_secret": "6d95496ae6b2fae3832da537a2477cae07785a93",
        "is_verified": false,
        "type": "Secret Keyword"
      },
      {
        "hashed_secret": "b7e9ca80ba24d29e65e3230901f40aef34a69bf8",
        "is_verified": false,
        "type": "Secret Keyword"
      },
      {
        "hashed_secret": "d98b14d31b932f1d2e8bf34c77e424b8bdde5292",
        "is_verified": false,
        "type": "Secret Keyword"
      },
      {
        "hashed_secret": "f9567f069729a7882e59da44ef5e9d905fd5ad81",
        "is_verified": false,
        "type": "Secret Keyword"
      }
    ],
    "tests/test_task008_build_baseline.py": [
      {
        "hashed_secret": "08f7b188f881a7e69b890d958a6a6dfcb831f8e8",
        "is_verified": false,
        "type": "Secret Keyword"
      }
    ],
    "tests/test_task008_container_security.py": [
      {
        "hashed_secret": "9bc8ae5bd4bd8ccb9a987afbdd74f1711bb573fb",
        "is_verified": false,
        "type": "Base64 High Entropy String"
      },
      {
        "hashed_secret": "ac235b9dcc33769b4b2fffe77b38477fb5544261",
        "is_verified": false,
        "type": "Base64 High Entropy String"
      }
    ],
    "tests/test_task008_negative_gates.py": [
      {
        "hashed_secret": "25910f981e85ca04baf359199dd0bd4a3ae738b6",
        "is_verified": false,
        "type": "AWS Access Key"
      },
      {
        "hashed_secret": "4cd93c5da7ba8b3c49fd437dc4705762fbd1ccd1",
        "is_verified": false,
        "type": "Base64 High Entropy String"
      }
    ],
    "tests/test_task008_supply_remediation.py": [
      {
        "hashed_secret": "25910f981e85ca04baf359199dd0bd4a3ae738b6",
        "is_verified": false,
        "type": "AWS Access Key"
      },
      {
        "hashed_secret": "918fdd154b3cd24da52e78828adaf4aa819dd184",
        "is_verified": false,
        "type": "Secret Keyword"
      }
    ],
    "tests/test_webforge_automation_contracts.py": [
      {
        "hashed_secret": "08efeb4ae5c2064c567aacd4d86bcff4ab494b7b",
        "is_verified": false,
        "type": "Basic Auth Credentials"
      },
      {
        "hashed_secret": "060e5e1af882a3e2c6eac2545510db4dc623e4e3",
        "is_verified": false,
        "type": "Secret Keyword"
      }
    ],
    "tests/test_webforge_readiness.py": [
      {
        "hashed_secret": "c381e5e226df232bc544686c6a241be07c55aefd",
        "is_verified": false,
        "type": "JSON Web Token"
      },
      {
        "hashed_secret": "08da2d41a8c027231b45930905a95dcf5fc09373",
        "is_verified": false,
        "type": "Secret Keyword"
      },
      {
        "hashed_secret": "6af3c121ed4a752936c297cddfb7b00394eabf10",
        "is_verified": false,
        "type": "Secret Keyword"
      }
    ],
    "tests/test_whitebox_source_root.py": [
      {
        "hashed_secret": "46184e27de153abd5cf4dde56c53155890fd43d9",
        "is_verified": false,
        "type": "Secret Keyword"
      },
      {
        "hashed_secret": "e185ea2d3b7709e2653ae995fe1074121c8d83e2",
        "is_verified": false,
        "type": "Secret Keyword"
      }
    ],
    "webforge/core/auth_recorder.py": [
      {
        "hashed_secret": "c381e5e226df232bc544686c6a241be07c55aefd",
        "is_verified": false,
        "type": "JSON Web Token"
      }
    ],
    "webforge/core/browser_engine.py": [
      {
        "hashed_secret": "e4f91dd323bac5bfc4f60a6e433787671dc2421d",
        "is_verified": false,
        "type": "Hex High Entropy String"
      }
    ],
    "webforge/modules/auth/jwt_audit.py": [
      {
        "hashed_secret": "26b8847141609f92aa9a4bbd88a814289d5d4df5",
        "is_verified": false,
        "type": "JSON Web Token"
      },
      {
        "hashed_secret": "c403882c5cc85d953238fe06adabf7e54eb33e62",
        "is_verified": false,
        "type": "JSON Web Token"
      },
      {
        "hashed_secret": "e5e9fa1ba31ecd1ae84f75caaa474f3a663f05f4",
        "is_verified": false,
        "type": "Secret Keyword"
      }
    ],
    "webforge/modules/auth/oauth_check.py": [
      {
        "hashed_secret": "c0eb1dc5057b4bc59b683c85f34d2f0545e85e46",
        "is_verified": false,
        "type": "Base64 High Entropy String"
      },
      {
        "hashed_secret": "d033e22ae348aeb5660fc2140aec35850c4da997",
        "is_verified": false,
        "type": "Secret Keyword"
      }
    ],
    "webforge/modules/auth/password_policy.py": [
      {
        "hashed_secret": "1406d7b6073bd47cf909b8ee4a01901004b78828",
        "is_verified": false,
        "type": "Secret Keyword"
      }
    ],
    "webforge/modules/auth/session_audit.py": [
      {
        "hashed_secret": "d033e22ae348aeb5660fc2140aec35850c4da997",
        "is_verified": false,
        "type": "Secret Keyword"
      }
    ],
    "webforge/modules/injection/nosql_inject.py": [
      {
        "hashed_secret": "a94a8fe5ccb19ba61c4c0873d391e987982fbbd3",
        "is_verified": false,
        "type": "Secret Keyword"
      }
    ],
    "webforge/modules/injection/sqli_scanner.py": [
      {
        "hashed_secret": "a94a8fe5ccb19ba61c4c0873d391e987982fbbd3",
        "is_verified": false,
        "type": "Secret Keyword"
      }
    ],
    "webforge/modules/recon/git_exposure.py": [
      {
        "hashed_secret": "9d4e1e23bd5b727046a9e3b4b7db57bd8d6ee684",
        "is_verified": false,
        "type": "Basic Auth Credentials"
      },
      {
        "hashed_secret": "f0d30a5da82d2ab63b1425e9b959d8c3975342f5",
        "is_verified": false,
        "type": "Hex High Entropy String"
      },
      {
        "hashed_secret": "486f3aaad902a7c31fe5452ed386dc5f94bb01a9",
        "is_verified": false,
        "type": "Secret Keyword"
      },
      {
        "hashed_secret": "55e3828611d85291ff851b15f94c7d41d8667b42",
        "is_verified": false,
        "type": "Secret Keyword"
      }
    ],
    "webforge/modules/recon/js_analyzer.py": [
      {
        "hashed_secret": "759ea996d3686cbca80b6d412c3cee3faf60c272",
        "is_verified": false,
        "type": "JSON Web Token"
      },
      {
        "hashed_secret": "603a9955153a8cffee197af264378f43b32cbc28",
        "is_verified": false,
        "type": "Secret Keyword"
      },
      {
        "hashed_secret": "c1f082f4ea00a1312f49de4596ea2209f5d1b1b3",
        "is_verified": false,
        "type": "Secret Keyword"
      },
      {
        "hashed_secret": "d0ffc41623711dce5647b84810dfbb63e6e93414",
        "is_verified": false,
        "type": "Secret Keyword"
      }
    ],
    "webforge/modules/whitebox/secret_scan.py": [
      {
        "hashed_secret": "25910f981e85ca04baf359199dd0bd4a3ae738b6",
        "is_verified": false,
        "type": "AWS Access Key"
      },
      {
        "hashed_secret": "be4fc4886bd949b369d5e092eb87494f12e57e5b",
        "is_verified": false,
        "type": "Private Key"
      },
      {
        "hashed_secret": "486f3aaad902a7c31fe5452ed386dc5f94bb01a9",
        "is_verified": false,
        "type": "Secret Keyword"
      },
      {
        "hashed_secret": "55e3828611d85291ff851b15f94c7d41d8667b42",
        "is_verified": false,
        "type": "Secret Keyword"
      }
    ],
    "webforge/webforge.py": [
      {
        "hashed_secret": "013b94a01ed9c3caab47bcab1aa55a54db4bd37e",
        "is_verified": false,
        "type": "Secret Keyword"
      },
      {
        "hashed_secret": "0303431e98cc580042b13132b85b713c4bd99ef6",
        "is_verified": false,
        "type": "Secret Keyword"
      },
      {
        "hashed_secret": "4620aeaf78386ee2ebf480837b4a2e9e7eb0bf7b",
        "is_verified": false,
        "type": "Secret Keyword"
      },
      {
        "hashed_secret": "7b2b71656c51cf977713167f6f8523256176f0f5",
        "is_verified": false,
        "type": "Secret Keyword"
      }
    ]
  },
  "version": "1.5.0"
}
